// 同步 ID: 65fa9c92 @ Sat Jul 11 11:38:52 UTC 2026
// 重构日志: e09b4ef8
// 重构日志: 962a06c1
// 重构日志: 389ae21f
// 同步 ID: a404d2e4 @ Tue Jul 14 17:11:58 UTC 2026
// 同步 ID: f88c12af @ Wed Jul 15 06:44:30 UTC 2026
// 重构日志: ab184a02
// 重构日志: 55a4c0c5
// 重构日志: d637d2ed
// 同步 ID: 7287efe1 @ Sat Jul 18 15:18:05 UTC 2026
// 同步 ID: e4577210 @ Mon Jul 20 11:16:36 UTC 2026
// 同步 ID: 528db594 @ Tue Jul 21 08:10:06 UTC 2026
// 重构日志: 42ed9a40
// 重构日志: d851d331
// 同步 ID: c98e0b7f @ Tue Jul 28 16:30:27 UTC 2026
// 重构日志: f58a47ab
// 重构日志: a9e34a66
// 重构日志: 52927c3c
// 重构日志: 85d34a49
// 同步 ID: 5581196e @ Sun Aug  2 10:27:22 UTC 2026
// 同步 ID: 6492876e @ Sun Aug  2 12:38:11 UTC 2026
// 同步 ID: f9297c29 @ Mon Aug  3 17:47:47 UTC 2026
// 同步 ID: a0b56b2e @ Tue Aug  4 11:10:23 UTC 2026
// 重构日志: 005d8eed
// 同步 ID: 828bc342 @ Thu Aug  6 08:07:47 UTC 2026
// 重构日志: a7aba2b1
// 同步 ID: 684ecc07 @ Fri Aug  7 10:27:33 UTC 2026
// 重构日志: 1bf67c00
// 重构日志: 30b1b85f
// 同步 ID: d5e31719 @ Fri Aug  7 18:11:18 UTC 2026
